[0m16:42:11.939753 [debug] [MainThread]: Sending event: {'category': 'dbt', 'action': 'invocation', 'label': 'start', 'context': [<snowplow_tracker.self_describing_json.SelfDescribingJson object at 0x714f2ffc6030>, <snowplow_tracker.self_describing_json.SelfDescribingJson object at 0x714f2e1ba540>, <snowplow_tracker.self_describing_json.SelfDescribingJson object at 0x714f2de781a0>]}


============================== 16:42:11.943908 | 310ec794-b327-40f7-91f3-25a95a0a55be ==============================
[0m16:42:11.943908 [info ] [MainThread]: Running with dbt=1.10.13
[0m16:42:11.944654 [debug] [MainThread]: running dbt with arguments {'empty': 'None', 'printer_width': '80', 'no_print': 'None', 'quiet': 'False', 'use_colors': 'True', 'warn_error': 'None', 'target_path': 'None', 'send_anonymous_usage_stats': 'True', 'partial_parse': 'True', 'write_json': 'True', 'use_experimental_parser': 'False', 'cache_selected_only': 'False', 'log_path': 'logs', 'warn_error_options': 'WarnErrorOptionsV2(error=[], warn=[], silence=[])', 'log_format': 'default', 'invocation_command': 'dbt init churn_project', 'introspect': 'True', 'static_parser': 'True', 'debug': 'False', 'fail_fast': 'False', 'log_cache_events': 'False', 'indirect_selection': 'eager', 'profiles_dir': '/home/codespace/.dbt', 'version_check': 'True'}
[0m16:42:11.954110 [info ] [MainThread]: Creating dbt configuration folder at /home/codespace/.dbt
[0m16:42:11.955397 [debug] [MainThread]: Starter project path: /home/codespace/.local/lib/python3.12/site-packages/dbt/include/starter_project
[0m16:42:11.958100 [info ] [MainThread]: 
Your new dbt project "churn_project" was created!

For more information on how to configure the profiles.yml file,
please consult the dbt documentation here:

  https://docs.getdbt.com/docs/configure-your-profile

One more thing:

Need help? Don't hesitate to reach out to us via GitHub issues or on Slack:

  https://community.getdbt.com/

Happy modeling!

[0m16:42:11.959623 [info ] [MainThread]: Setting up your profile.
[0m16:42:34.365838 [info ] [MainThread]: Profile churn_project written to /home/codespace/.dbt/profiles.yml using target's sample configuration. Once updated, you'll be able to start developing with dbt.
[0m16:42:34.367368 [debug] [MainThread]: Resource report: {"command_name": "init", "command_success": true, "command_wall_clock_time": 22.479864, "process_in_blocks": "184", "process_kernel_time": 0.138668, "process_mem_max_rss": "138464", "process_out_blocks": "72", "process_user_time": 1.367735}
[0m16:42:34.367981 [debug] [MainThread]: Command `dbt init` succeeded at 16:42:34.367867 after 22.48 seconds
[0m16:42:34.368448 [debug] [MainThread]: Sending event: {'category': 'dbt', 'action': 'invocation', 'label': 'end', 'context': [<snowplow_tracker.self_describing_json.SelfDescribingJson object at 0x714f2e4acf20>, <snowplow_tracker.self_describing_json.SelfDescribingJson object at 0x714f2d94c500>, <snowplow_tracker.self_describing_json.SelfDescribingJson object at 0x714f2d656fc0>]}
[0m16:42:34.368935 [debug] [MainThread]: Flushing usage events
[0m16:42:34.761281 [debug] [MainThread]: An error was encountered while trying to flush usage events
[0m17:14:50.460797 [debug] [MainThread]: Sending event: {'category': 'dbt', 'action': 'invocation', 'label': 'start', 'context': [<snowplow_tracker.self_describing_json.SelfDescribingJson object at 0x7814b15ba960>, <snowplow_tracker.self_describing_json.SelfDescribingJson object at 0x7814af51ab70>, <snowplow_tracker.self_describing_json.SelfDescribingJson object at 0x7814af51a990>]}


============================== 17:14:50.494931 | 71688558-53ea-4abd-bfd6-4bbe18c840f1 ==============================
[0m17:14:50.494931 [info ] [MainThread]: Running with dbt=1.10.13
[0m17:14:50.495754 [debug] [MainThread]: running dbt with arguments {'printer_width': '80', 'target_path': 'None', 'invocation_command': 'dbt run', 'empty': 'False', 'introspect': 'True', 'log_cache_events': 'False', 'log_format': 'default', 'static_parser': 'True', 'debug': 'False', 'warn_error': 'None', 'version_check': 'True', 'cache_selected_only': 'False', 'partial_parse': 'True', 'no_print': 'None', 'profiles_dir': '/workspaces/churn_dbt_project', 'fail_fast': 'False', 'write_json': 'True', 'log_path': 'logs', 'warn_error_options': 'WarnErrorOptionsV2(error=[], warn=[], silence=[])', 'use_experimental_parser': 'False', 'send_anonymous_usage_stats': 'True', 'quiet': 'False', 'indirect_selection': 'eager', 'use_colors': 'True'}
[0m17:14:50.496491 [error] [MainThread]: Encountered an error:
Runtime Error
  No dbt_project.yml found at expected path /workspaces/churn_dbt_project/dbt_project.yml
  Verify that each entry within packages.yml (and their transitive dependencies) contains a file named dbt_project.yml
  
[0m17:14:50.498077 [debug] [MainThread]: Resource report: {"command_name": "run", "command_success": false, "command_wall_clock_time": 0.09065814, "process_in_blocks": "107016", "process_kernel_time": 0.257347, "process_mem_max_rss": "102680", "process_out_blocks": "24", "process_user_time": 1.519862}
[0m17:14:50.498673 [debug] [MainThread]: Command `dbt run` failed at 17:14:50.498561 after 0.09 seconds
[0m17:14:50.499148 [debug] [MainThread]: Sending event: {'category': 'dbt', 'action': 'invocation', 'label': 'end', 'context': [<snowplow_tracker.self_describing_json.SelfDescribingJson object at 0x7814afa6fa40>, <snowplow_tracker.self_describing_json.SelfDescribingJson object at 0x7814afa6d430>, <snowplow_tracker.self_describing_json.SelfDescribingJson object at 0x7814afa6d4c0>]}
[0m17:14:50.499695 [debug] [MainThread]: Flushing usage events
[0m17:14:50.874816 [debug] [MainThread]: An error was encountered while trying to flush usage events
